// Jest Snapshot v1, https://goo.gl/fbAQLP

exports[`should render CardInfo (main content) with all card details 1`] = `
<div
  className="cardinfo"
>
  <img
    className="img"
    src="http://52.57.88.137/api/card_image/Monster Gate"
  />
  <div
    className="infobox"
  >
    <div
      className="desc"
    >
      <h3>
        Description
      </h3>
      <div
        className="text"
      >
        Tribute 1 monster; reveal cards from the top of your Deck until you reveal a monster that can be Normal Summoned. Special Summon it, also send the other revealed cards to the Graveyard.
      </div>
    </div>
    <div
      className="details"
    >
      <h3>
        Details
      </h3>
      <div
        className="text"
      >
        <li>
          <span>
            Card Type:
          </span>
           
          spell
        </li>
        <li>
          <span>
            Property:
          </span>
           
          Normal
        </li>
      </div>
    </div>
  </div>
</div>
`;
